Mplus VERSION 8.11 DEMO
MUTHEN & MUTHEN
07/31/2025  10:20 AM

INPUT INSTRUCTIONS

  TITLE: LPA Class : 2 / Variance : Equal / Covariances : Varying

  DATA:
    FILE = LORAr.dat;

  VARIABLE:
    NAMES = PAS_cont PAS_proc;
    USEVARIABLES = PAS_cont PAS_proc;
    CLASSES = c(2);

  ANALYSIS:
    TYPE = MIXTURE;
    STARTS = 500 50;
    STITERATIONS = 50;

  MODEL:
    %OVERALL%
      PAS_cont*1;
      PAS_proc*1;
      ! Fixed variances across classes by giving same starting value label (*1)

    %c#1%
      PAS_cont WITH PAS_proc;

    %c#2%
      PAS_cont WITH PAS_proc;


  OUTPUT:
    TECH11 TECH14;



*** WARNING in MODEL command
  All variables are uncorrelated with all other variables within class.
  Check that this is what is intended.
   1 WARNING(S) FOUND IN THE INPUT INSTRUCTIONS



LPA Class : 2 / Variance : Equal / Covariances : Varying

SUMMARY OF ANALYSIS

Number of groups                                                 1
Number of observations                                         622

Number of dependent variables                                    2
Number of independent variables                                  0
Number of continuous latent variables                            0
Number of categorical latent variables                           1

Observed dependent variables

  Continuous
   PAS_CONT    PAS_PROC

Categorical latent variables
   C


Estimator                                                      MLR
Information matrix                                        OBSERVED
Optimization Specifications for the Quasi-Newton Algorithm for
Continuous Outcomes
  Maximum number of iterations                                 100
  Convergence criterion                                  0.100D-05
Optimization Specifications for the EM Algorithm
  Maximum number of iterations                                 500
  Convergence criteria
    Loglikelihood change                                 0.100D-06
    Relative loglikelihood change                        0.100D-06
    Derivative                                           0.100D-05
Optimization Specifications for the M step of the EM Algorithm for
Categorical Latent variables
  Number of M step iterations                                    1
  M step convergence criterion                           0.100D-05
  Basis for M step termination                           ITERATION
Optimization Specifications for the M step of the EM Algorithm for
Censored, Binary or Ordered Categorical (Ordinal), Unordered
Categorical (Nominal) and Count Outcomes
  Number of M step iterations                                    1
  M step convergence criterion                           0.100D-05
  Basis for M step termination                           ITERATION
  Maximum value for logit thresholds                            15
  Minimum value for logit thresholds                           -15
  Minimum expected cell size for chi-square              0.100D-01
Optimization algorithm                                         EMA
Random Starts Specifications
  Number of initial stage random starts                        500
  Number of final stage optimizations                           50
  Number of initial stage iterations                            50
  Initial stage convergence criterion                    0.100D+01
  Random starts scale                                    0.500D+01
  Random seed for generating random starts                       0

Input data file(s)
  LORAr.dat
Input data format  FREE



UNIVARIATE SAMPLE STATISTICS


     UNIVARIATE HIGHER-ORDER MOMENT DESCRIPTIVE STATISTICS

         Variable/         Mean/     Skewness/   Minimum/ % with                Percentiles
        Sample Size      Variance    Kurtosis    Maximum  Min/Max      20%/60%    40%/80%    Median

     PAS_CONT             43.423      -0.459      19.000    0.16%      38.000     42.000     44.000
             622.000      40.109       0.178      56.000    0.64%      46.000     49.000
     PAS_PROC             42.801      -0.614      27.000    0.16%      40.000     42.000     43.000
             622.000      17.565       0.766      52.000    0.80%      44.000     46.000

RANDOM STARTS RESULTS RANKED FROM THE BEST TO THE WORST LOGLIKELIHOOD VALUES

Final stage loglikelihood values at local maxima, seeds, and initial stage start numbers:

           -3638.016  797594           234
           -3638.016  193569           440
           -3638.016  425982           485
           -3638.016  441191           361
           -3638.016  732596           320
           -3638.016  297518           166
           -3638.016  642909           251
           -3638.016  534864           307
           -3638.016  863094           147
           -3638.016  181293           212
           -3638.016  387701           275
           -3638.016  399508           415
           -3638.016  57226            208
           -3638.016  650371           14
           -3638.016  359578           458
           -3638.016  618760           489
           -3638.016  146900           391
           -3638.016  377504           294
           -3638.016  545140           278
           -3638.016  570782           193
           -3638.016  582296           452
           -3638.016  217744           326
           -3638.016  879211           453
           -3638.016  164305           128
           -3638.016  971693           470
           -3638.016  862607           468
           -3638.016  970689           266
           -3638.016  606576           151
           -3638.016  579995           183
           -3638.016  539751           459
           -3638.016  407108           366
           -3638.016  769907           457
           -3638.016  915107           54
           -3638.016  53621            483
           -3638.016  575700           100
           -3638.016  273992           349
           -3638.016  76337            76
           -3638.016  224950           455
           -3638.016  625191           350
           -3638.016  788796           145
           -3638.016  688839           273
           -3638.016  268896           124
           -3638.016  529455           268
           -3638.016  570908           98
           -3638.016  526324           178
           -3638.016  931874           141
           -3638.016  978781           497
           -3638.016  860102           495
           -3638.016  699554           427
           -3638.016  314757           345



THE BEST LOGLIKELIHOOD VALUE HAS BEEN REPLICATED.  RERUN WITH AT LEAST TWICE THE
RANDOM STARTS TO CHECK THAT THE BEST LOGLIKELIHOOD IS STILL OBTAINED AND REPLICATED.


THE MODEL ESTIMATION TERMINATED NORMALLY



MODEL FIT INFORMATION

Number of Free Parameters                        9

Loglikelihood

          H0 Value                       -3638.016
          H0 Scaling Correction Factor      1.0809
            for MLR

Information Criteria

          Akaike (AIC)                    7294.033
          Bayesian (BIC)                  7333.929
          Sample-Size Adjusted BIC        7305.356
            (n* = (n + 2) / 24)



FINAL CLASS COUNTS AND PROPORTIONS FOR THE LATENT CLASSES
BASED ON THE ESTIMATED MODEL

    Latent
   Classes

       1         43.41234          0.06979
       2        578.58766          0.93021


FINAL CLASS COUNTS AND PROPORTIONS FOR THE LATENT CLASSES
BASED ON ESTIMATED POSTERIOR PROBABILITIES

    Latent
   Classes

       1         43.41234          0.06979
       2        578.58766          0.93021


FINAL CLASS COUNTS AND PROPORTIONS FOR THE LATENT CLASSES
BASED ON THEIR MOST LIKELY LATENT CLASS MEMBERSHIP

Class Counts and Proportions

    Latent
   Classes

       1               34          0.05466
       2              588          0.94534


CLASSIFICATION QUALITY

     Entropy                         0.871


Average Latent Class Probabilities for Most Likely Latent Class Membership (Row)
by Latent Class (Column)

           1        2

    1   0.836    0.164
    2   0.026    0.974


Classification Probabilities for the Most Likely Latent Class Membership (Column)
by Latent Class (Row)

           1        2

    1   0.654    0.346
    2   0.010    0.990


Logits for the Classification Probabilities for the Most Likely Latent Class Membership (Column)
by Latent Class (Row)

              1        2

    1      0.638    0.000
    2     -4.629    0.000


MODEL RESULTS

                                                    Two-Tailed
                    Estimate       S.E.  Est./S.E.    P-Value

Latent Class 1

 PAS_CONT WITH
    PAS_PROC           2.259      4.339      0.521      0.603

 Means
    PAS_CONT          32.990      1.530     21.566      0.000
    PAS_PROC          34.638      1.107     31.285      0.000

 Variances
    PAS_CONT          32.036      2.124     15.081      0.000
    PAS_PROC          12.580      0.894     14.067      0.000

Latent Class 2

 PAS_CONT WITH
    PAS_PROC          10.586      1.123      9.429      0.000

 Means
    PAS_CONT          44.206      0.301    146.917      0.000
    PAS_PROC          43.413      0.194    223.988      0.000

 Variances
    PAS_CONT          32.036      2.124     15.081      0.000
    PAS_PROC          12.580      0.894     14.067      0.000

Categorical Latent Variables

 Means
    C#1               -2.590      0.332     -7.812      0.000


QUALITY OF NUMERICAL RESULTS

     Condition Number for the Information Matrix              0.284E-05
       (ratio of smallest to largest eigenvalue)


TECHNICAL 11 OUTPUT

     Random Starts Specifications for the k-1 Class Analysis Model
        Number of initial stage random starts                 500
        Number of final stage optimizations                    50



     VUONG-LO-MENDELL-RUBIN LIKELIHOOD RATIO TEST FOR 1 (H0) VERSUS 2 CLASSES

          H0 Loglikelihood Value                        -3658.055
          2 Times the Loglikelihood Difference             40.077
          Difference in the Number of Parameters                4
          Mean                                              5.093
          Standard Deviation                                6.711
          P-Value                                          0.0021

     LO-MENDELL-RUBIN ADJUSTED LRT TEST

          Value                                            38.578
          P-Value                                          0.0025


TECHNICAL 14 OUTPUT

     Random Starts Specifications for the k-1 Class Analysis Model
        Number of initial stage random starts                 500
        Number of final stage optimizations                    50

     Random Starts Specification for the k-1 Class Model for Generated Data
        Number of initial stage random starts                   0
        Number of final stage optimizations for the
           initial stage random starts                          0
     Random Starts Specification for the k Class Model for Generated Data
        Number of initial stage random starts                  40
        Number of final stage optimizations                     8
     Number of bootstrap draws requested                   Varies


     PARAMETRIC BOOTSTRAPPED LIKELIHOOD RATIO TEST FOR 1 (H0) VERSUS 2 CLASSES

          H0 Loglikelihood Value                        -3658.055
          2 Times the Loglikelihood Difference             40.077
          Difference in the Number of Parameters                4
          Approximate P-Value                              0.0000
          Successful Bootstrap Draws                            5


DIAGRAM INFORMATION

  Mplus diagrams are currently not available for Mixture analysis.
  No diagram output was produced.


     Beginning Time:  10:20:25
        Ending Time:  10:20:26
       Elapsed Time:  00:00:01


Mplus VERSION 8.11 DEMO has the following limitations:
  Maximum number of dependent variables: 6
  Maximum number of independent variables: 2
  Maximum number of between variables: 2
  Maximum number of continuous latent variables in time series analysis: 2


MUTHEN & MUTHEN
3463 Stoner Ave.
Los Angeles, CA  90066

Tel: (310) 391-9971
Fax: (310) 391-8971
Web: www.StatModel.com
Support: Support@StatModel.com

Copyright (c) 1998-2024 Muthen & Muthen
