Mplus VERSION 8.11 DEMO
MUTHEN & MUTHEN
07/31/2025  10:05 AM

INPUT INSTRUCTIONS

  TITLE: LPA Class : 2 / Variance : Equal / Covariances : Zero

  DATA:
    FILE = LORAr.dat;

  VARIABLE:
    NAMES = PAS_cont PAS_proc;
    USEVARIABLES = PAS_cont PAS_proc;
    CLASSES = c(2);

  ANALYSIS:
    TYPE = MIXTURE;
    STARTS = 500 50;
    STITERATIONS = 50;

  OUTPUT:
    TECH11 TECH14;



*** WARNING in MODEL command
  All variables are uncorrelated with all other variables within class.
  Check that this is what is intended.
   1 WARNING(S) FOUND IN THE INPUT INSTRUCTIONS



LPA Class : 2 / Variance : Equal / Covariances : Zero

SUMMARY OF ANALYSIS

Number of groups                                                 1
Number of observations                                         622

Number of dependent variables                                    2
Number of independent variables                                  0
Number of continuous latent variables                            0
Number of categorical latent variables                           1

Observed dependent variables

  Continuous
   PAS_CONT    PAS_PROC

Categorical latent variables
   C


Estimator                                                      MLR
Information matrix                                        OBSERVED
Optimization Specifications for the Quasi-Newton Algorithm for
Continuous Outcomes
  Maximum number of iterations                                 100
  Convergence criterion                                  0.100D-05
Optimization Specifications for the EM Algorithm
  Maximum number of iterations                                 500
  Convergence criteria
    Loglikelihood change                                 0.100D-06
    Relative loglikelihood change                        0.100D-06
    Derivative                                           0.100D-05
Optimization Specifications for the M step of the EM Algorithm for
Categorical Latent variables
  Number of M step iterations                                    1
  M step convergence criterion                           0.100D-05
  Basis for M step termination                           ITERATION
Optimization Specifications for the M step of the EM Algorithm for
Censored, Binary or Ordered Categorical (Ordinal), Unordered
Categorical (Nominal) and Count Outcomes
  Number of M step iterations                                    1
  M step convergence criterion                           0.100D-05
  Basis for M step termination                           ITERATION
  Maximum value for logit thresholds                            15
  Minimum value for logit thresholds                           -15
  Minimum expected cell size for chi-square              0.100D-01
Optimization algorithm                                         EMA
Random Starts Specifications
  Number of initial stage random starts                        500
  Number of final stage optimizations                           50
  Number of initial stage iterations                            50
  Initial stage convergence criterion                    0.100D+01
  Random starts scale                                    0.500D+01
  Random seed for generating random starts                       0

Input data file(s)
  LORAr.dat
Input data format  FREE



UNIVARIATE SAMPLE STATISTICS


     UNIVARIATE HIGHER-ORDER MOMENT DESCRIPTIVE STATISTICS

         Variable/         Mean/     Skewness/   Minimum/ % with                Percentiles
        Sample Size      Variance    Kurtosis    Maximum  Min/Max      20%/60%    40%/80%    Median

     PAS_CONT             43.423      -0.459      19.000    0.16%      38.000     42.000     44.000
             622.000      40.109       0.178      56.000    0.64%      46.000     49.000
     PAS_PROC             42.801      -0.614      27.000    0.16%      40.000     42.000     43.000
             622.000      17.565       0.766      52.000    0.80%      44.000     46.000

RANDOM STARTS RESULTS RANKED FROM THE BEST TO THE WORST LOGLIKELIHOOD VALUES

Final stage loglikelihood values at local maxima, seeds, and initial stage start numbers:

           -3697.124  723775           97
           -3697.124  36714            201
           -3697.124  561664           392
           -3697.124  127215           9
           -3697.124  178475           231
           -3697.124  898745           466
           -3697.124  580405           286
           -3697.124  576220           115
           -3697.124  567165           319
           -3697.124  153394           429
           -3697.124  81117            305
           -3697.124  485483           498
           -3697.124  621542           375
           -3697.124  568405           233
           -3697.124  217130           443
           -3697.124  484406           421
           -3697.124  112586           494
           -3697.124  973369           202
           -3697.124  264081           186
           -3697.124  930872           277
           -3697.124  957392           79
           -3697.124  264935           281
           -3697.124  496881           192
           -3697.124  85114            385
           -3697.124  784664           75
           -3697.124  728038           177
           -3697.124  414828           322
           -3697.124  175199           247
           -3697.124  652266           490
           -3697.124  849670           347
           -3697.124  655497           376
           -3697.124  217744           326
           -3697.124  900268           327
           -3697.124  679832           302
           -3697.124  226322           478
           -3697.124  840031           276
           -3697.124  246575           291
           -3697.124  82357            339
           -3697.124  736574           414
           -3697.124  68850            462
           -3697.124  587946           120
           -3697.124  802682           419
           -3697.124  263221           447
           -3697.124  188640           451
           -3697.124  769907           457
           -3697.124  575700           100
           -3697.124  978061           488
           -3697.124  354208           196
           -3697.124  871851           257
           -3697.124  359578           458



THE BEST LOGLIKELIHOOD VALUE HAS BEEN REPLICATED.  RERUN WITH AT LEAST TWICE THE
RANDOM STARTS TO CHECK THAT THE BEST LOGLIKELIHOOD IS STILL OBTAINED AND REPLICATED.


THE MODEL ESTIMATION TERMINATED NORMALLY



MODEL FIT INFORMATION

Number of Free Parameters                        7

Loglikelihood

          H0 Value                       -3697.124
          H0 Scaling Correction Factor      1.3959
            for MLR

Information Criteria

          Akaike (AIC)                    7408.247
          Bayesian (BIC)                  7439.278
          Sample-Size Adjusted BIC        7417.054
            (n* = (n + 2) / 24)



FINAL CLASS COUNTS AND PROPORTIONS FOR THE LATENT CLASSES
BASED ON THE ESTIMATED MODEL

    Latent
   Classes

       1        465.53072          0.74844
       2        156.46928          0.25156


FINAL CLASS COUNTS AND PROPORTIONS FOR THE LATENT CLASSES
BASED ON ESTIMATED POSTERIOR PROBABILITIES

    Latent
   Classes

       1        465.53072          0.74844
       2        156.46928          0.25156


FINAL CLASS COUNTS AND PROPORTIONS FOR THE LATENT CLASSES
BASED ON THEIR MOST LIKELY LATENT CLASS MEMBERSHIP

Class Counts and Proportions

    Latent
   Classes

       1              470          0.75563
       2              152          0.24437


CLASSIFICATION QUALITY

     Entropy                         0.709


Average Latent Class Probabilities for Most Likely Latent Class Membership (Row)
by Latent Class (Column)

           1        2

    1   0.939    0.061
    2   0.160    0.840


Classification Probabilities for the Most Likely Latent Class Membership (Column)
by Latent Class (Row)

           1        2

    1   0.948    0.052
    2   0.184    0.816


Logits for the Classification Probabilities for the Most Likely Latent Class Membership (Column)
by Latent Class (Row)

              1        2

    1      2.899    0.000
    2     -1.490    0.000


MODEL RESULTS

                                                    Two-Tailed
                    Estimate       S.E.  Est./S.E.    P-Value

Latent Class 1

 Means
    PAS_CONT          45.833      0.551     83.224      0.000
    PAS_PROC          44.332      0.302    146.651      0.000

 Variances
    PAS_CONT          22.823      2.096     10.888      0.000
    PAS_PROC          10.587      0.688     15.387      0.000

Latent Class 2

 Means
    PAS_CONT          36.251      1.068     33.934      0.000
    PAS_PROC          38.244      0.877     43.627      0.000

 Variances
    PAS_CONT          22.823      2.096     10.888      0.000
    PAS_PROC          10.587      0.688     15.387      0.000

Categorical Latent Variables

 Means
    C#1                1.090      0.328      3.327      0.001


QUALITY OF NUMERICAL RESULTS

     Condition Number for the Information Matrix              0.129E-02
       (ratio of smallest to largest eigenvalue)


TECHNICAL 11 OUTPUT

     Random Starts Specifications for the k-1 Class Analysis Model
        Number of initial stage random starts                 500
        Number of final stage optimizations                    50



     VUONG-LO-MENDELL-RUBIN LIKELIHOOD RATIO TEST FOR 1 (H0) VERSUS 2 CLASSES

          H0 Loglikelihood Value                        -3804.541
          2 Times the Loglikelihood Difference            214.834
          Difference in the Number of Parameters                3
          Mean                                             18.421
          Standard Deviation                               27.287
          P-Value                                          0.0008

     LO-MENDELL-RUBIN ADJUSTED LRT TEST

          Value                                           204.250
          P-Value                                          0.0010


TECHNICAL 14 OUTPUT

     Random Starts Specifications for the k-1 Class Analysis Model
        Number of initial stage random starts                 500
        Number of final stage optimizations                    50

     Random Starts Specification for the k-1 Class Model for Generated Data
        Number of initial stage random starts                   0
        Number of final stage optimizations for the
           initial stage random starts                          0
     Random Starts Specification for the k Class Model for Generated Data
        Number of initial stage random starts                  40
        Number of final stage optimizations                     8
     Number of bootstrap draws requested                   Varies


     PARAMETRIC BOOTSTRAPPED LIKELIHOOD RATIO TEST FOR 1 (H0) VERSUS 2 CLASSES

          H0 Loglikelihood Value                        -3804.541
          2 Times the Loglikelihood Difference            214.834
          Difference in the Number of Parameters                3
          Approximate P-Value                              0.0000
          Successful Bootstrap Draws                            5


DIAGRAM INFORMATION

  Mplus diagrams are currently not available for Mixture analysis.
  No diagram output was produced.


     Beginning Time:  10:05:55
        Ending Time:  10:05:57
       Elapsed Time:  00:00:02


Mplus VERSION 8.11 DEMO has the following limitations:
  Maximum number of dependent variables: 6
  Maximum number of independent variables: 2
  Maximum number of between variables: 2
  Maximum number of continuous latent variables in time series analysis: 2


MUTHEN & MUTHEN
3463 Stoner Ave.
Los Angeles, CA  90066

Tel: (310) 391-9971
Fax: (310) 391-8971
Web: www.StatModel.com
Support: Support@StatModel.com

Copyright (c) 1998-2024 Muthen & Muthen
