Mplus VERSION 8.11 DEMO
MUTHEN & MUTHEN
07/31/2025  10:33 AM

INPUT INSTRUCTIONS

  TITLE: LPA Class : 3 / Variance : Vary / Covariances : Equal

  DATA:
    FILE = LORAr.dat;

  VARIABLE:
    NAMES = PAS_cont PAS_proc;
    USEVARIABLES = PAS_cont PAS_proc;
    CLASSES = c(3);

  ANALYSIS:
    TYPE = MIXTURE;
    STARTS = 500 50;
    STITERATIONS = 50;

  MODEL:
    %OVERALL%
      PAS_cont WITH PAS_proc;  ! equal covariance across classes

    %c#1%
      PAS_cont*;
      PAS_proc*;

    %c#2%
      PAS_cont*;
      PAS_proc*;

  OUTPUT:
    TECH11 TECH14;



INPUT READING TERMINATED NORMALLY



LPA Class : 3 / Variance : Vary / Covariances : Equal

SUMMARY OF ANALYSIS

Number of groups                                                 1
Number of observations                                         622

Number of dependent variables                                    2
Number of independent variables                                  0
Number of continuous latent variables                            0
Number of categorical latent variables                           1

Observed dependent variables

  Continuous
   PAS_CONT    PAS_PROC

Categorical latent variables
   C


Estimator                                                      MLR
Information matrix                                        OBSERVED
Optimization Specifications for the Quasi-Newton Algorithm for
Continuous Outcomes
  Maximum number of iterations                                 100
  Convergence criterion                                  0.100D-05
Optimization Specifications for the EM Algorithm
  Maximum number of iterations                                 500
  Convergence criteria
    Loglikelihood change                                 0.100D-06
    Relative loglikelihood change                        0.100D-06
    Derivative                                           0.100D-05
Optimization Specifications for the M step of the EM Algorithm for
Categorical Latent variables
  Number of M step iterations                                    1
  M step convergence criterion                           0.100D-05
  Basis for M step termination                           ITERATION
Optimization Specifications for the M step of the EM Algorithm for
Censored, Binary or Ordered Categorical (Ordinal), Unordered
Categorical (Nominal) and Count Outcomes
  Number of M step iterations                                    1
  M step convergence criterion                           0.100D-05
  Basis for M step termination                           ITERATION
  Maximum value for logit thresholds                            15
  Minimum value for logit thresholds                           -15
  Minimum expected cell size for chi-square              0.100D-01
Optimization algorithm                                         EMA
Random Starts Specifications
  Number of initial stage random starts                        500
  Number of final stage optimizations                           50
  Number of initial stage iterations                            50
  Initial stage convergence criterion                    0.100D+01
  Random starts scale                                    0.500D+01
  Random seed for generating random starts                       0

Input data file(s)
  LORAr.dat
Input data format  FREE



UNIVARIATE SAMPLE STATISTICS


     UNIVARIATE HIGHER-ORDER MOMENT DESCRIPTIVE STATISTICS

         Variable/         Mean/     Skewness/   Minimum/ % with                Percentiles
        Sample Size      Variance    Kurtosis    Maximum  Min/Max      20%/60%    40%/80%    Median

     PAS_CONT             43.423      -0.459      19.000    0.16%      38.000     42.000     44.000
             622.000      40.109       0.178      56.000    0.64%      46.000     49.000
     PAS_PROC             42.801      -0.614      27.000    0.16%      40.000     42.000     43.000
             622.000      17.565       0.766      52.000    0.80%      44.000     46.000

RANDOM STARTS RESULTS RANKED FROM THE BEST TO THE WORST LOGLIKELIHOOD VALUES

5 perturbed starting value run(s) did not converge in the initial stage
optimizations.

Final stage loglikelihood values at local maxima, seeds, and initial stage start numbers:

           -3629.412  898745           466
           -3629.412  850545           357
           -3629.412  253358           2
           -3629.491  749453           33
           -3629.491  636396           168
           -3629.491  830392           35
           -3629.818  39136            226
           -3629.818  637345           19
           -3629.818  568859           49
           -3629.818  173191           422
           -3629.818  316165           299
           -3629.818  922596           456
           -3629.818  701525           239
           -3629.818  192071           142
           -3629.818  915642           40
           -3629.818  383986           159
           -3629.818  232559           136
           -3629.818  875667           367
           -3629.818  181293           212
           -3629.818  404510           442
           -3629.818  407108           366
           -3629.818  746978           410
           -3629.818  399671           13
           -3629.818  545140           278
           -3629.818  347515           24
           -3629.818  484687           306
           -3629.818  392751           480
           -3629.818  195873           6
           -3629.818  783110           72
           -3629.818  422103           62
           -3629.818  679832           302
           -3629.818  341041           34
           -3629.818  923437           398
           -3630.456  407168           44
           -3630.900  462953           7
           -3631.460  173440           328
           -3631.460  692169           308
           -3631.460  471438           252

12 perturbed starting value run(s) did not converge or were rejected in the third stage.



THE BEST LOGLIKELIHOOD VALUE HAS BEEN REPLICATED.  RERUN WITH AT LEAST TWICE THE
RANDOM STARTS TO CHECK THAT THE BEST LOGLIKELIHOOD IS STILL OBTAINED AND REPLICATED.


THE MODEL ESTIMATION TERMINATED NORMALLY



MODEL FIT INFORMATION

Number of Free Parameters                       15

Loglikelihood

          H0 Value                       -3629.412
          H0 Scaling Correction Factor      1.0381
            for MLR

Information Criteria

          Akaike (AIC)                    7288.824
          Bayesian (BIC)                  7355.318
          Sample-Size Adjusted BIC        7307.695
            (n* = (n + 2) / 24)



FINAL CLASS COUNTS AND PROPORTIONS FOR THE LATENT CLASSES
BASED ON THE ESTIMATED MODEL

    Latent
   Classes

       1         12.41365          0.01996
       2         46.27964          0.07440
       3        563.30670          0.90564


FINAL CLASS COUNTS AND PROPORTIONS FOR THE LATENT CLASSES
BASED ON ESTIMATED POSTERIOR PROBABILITIES

    Latent
   Classes

       1         12.41365          0.01996
       2         46.27964          0.07440
       3        563.30670          0.90564


FINAL CLASS COUNTS AND PROPORTIONS FOR THE LATENT CLASSES
BASED ON THEIR MOST LIKELY LATENT CLASS MEMBERSHIP

Class Counts and Proportions

    Latent
   Classes

       1               10          0.01608
       2               34          0.05466
       3              578          0.92926


CLASSIFICATION QUALITY

     Entropy                         0.869


Average Latent Class Probabilities for Most Likely Latent Class Membership (Row)
by Latent Class (Column)

           1        2        3

    1   0.720    0.006    0.273
    2   0.000    0.806    0.194
    3   0.009    0.033    0.958


Classification Probabilities for the Most Likely Latent Class Membership (Column)
by Latent Class (Row)

           1        2        3

    1   0.580    0.000    0.420
    2   0.001    0.592    0.407
    3   0.005    0.012    0.983


Logits for the Classification Probabilities for the Most Likely Latent Class Membership (Column)
by Latent Class (Row)

              1        2        3

    1      0.324  -12.947    0.000
    2     -5.705    0.375    0.000
    3     -5.311   -4.429    0.000


MODEL RESULTS

                                                    Two-Tailed
                    Estimate       S.E.  Est./S.E.    P-Value

Latent Class 1

 PAS_CONT WITH
    PAS_PROC          11.099      2.020      5.496      0.000

 Means
    PAS_CONT          33.888      4.302      7.877      0.000
    PAS_PROC          44.203      1.347     32.809      0.000

 Variances
    PAS_CONT          36.570      6.605      5.537      0.000
    PAS_PROC           3.511      0.685      5.127      0.000

Latent Class 2

 PAS_CONT WITH
    PAS_PROC          11.099      2.020      5.496      0.000

 Means
    PAS_CONT          35.133      1.998     17.583      0.000
    PAS_PROC          34.735      2.619     13.261      0.000

 Variances
    PAS_CONT          39.442     16.915      2.332      0.020
    PAS_PROC          13.586      6.170      2.202      0.028

Latent Class 3

 PAS_CONT WITH
    PAS_PROC          11.099      2.020      5.496      0.000

 Means
    PAS_CONT          44.314      0.508     87.251      0.000
    PAS_PROC          43.432      0.308    141.060      0.000

 Variances
    PAS_CONT          31.755      3.317      9.573      0.000
    PAS_PROC          12.462      1.196     10.416      0.000

Categorical Latent Variables

 Means
    C#1               -3.815      0.622     -6.133      0.000
    C#2               -2.499      0.705     -3.547      0.000


QUALITY OF NUMERICAL RESULTS

     Condition Number for the Information Matrix              0.277E-04
       (ratio of smallest to largest eigenvalue)


TECHNICAL 11 OUTPUT

     Random Starts Specifications for the k-1 Class Analysis Model
        Number of initial stage random starts                 500
        Number of final stage optimizations                    50



     VUONG-LO-MENDELL-RUBIN LIKELIHOOD RATIO TEST FOR 2 (H0) VERSUS 3 CLASSES

          H0 Loglikelihood Value                        -3636.527
          2 Times the Loglikelihood Difference             14.231
          Difference in the Number of Parameters                5
          Mean                                              8.584
          Standard Deviation                                6.661
          P-Value                                          0.1628

     LO-MENDELL-RUBIN ADJUSTED LRT TEST

          Value                                            13.802
          P-Value                                          0.1746


TECHNICAL 14 OUTPUT

     Random Starts Specifications for the k-1 Class Analysis Model
        Number of initial stage random starts                 500
        Number of final stage optimizations                    50

     Random Starts Specification for the k-1 Class Model for Generated Data
        Number of initial stage random starts                   0
        Number of final stage optimizations for the
           initial stage random starts                          0
     Random Starts Specification for the k Class Model for Generated Data
        Number of initial stage random starts                  40
        Number of final stage optimizations                     8
     Number of bootstrap draws requested                   Varies


     PARAMETRIC BOOTSTRAPPED LIKELIHOOD RATIO TEST FOR 2 (H0) VERSUS 3 CLASSES

          H0 Loglikelihood Value                        -3636.527
          2 Times the Loglikelihood Difference             14.231
          Difference in the Number of Parameters                5
          Approximate P-Value                              0.5000
          Successful Bootstrap Draws                            6


DIAGRAM INFORMATION

  Mplus diagrams are currently not available for Mixture analysis.
  No diagram output was produced.


     Beginning Time:  10:33:32
        Ending Time:  10:33:35
       Elapsed Time:  00:00:03


Mplus VERSION 8.11 DEMO has the following limitations:
  Maximum number of dependent variables: 6
  Maximum number of independent variables: 2
  Maximum number of between variables: 2
  Maximum number of continuous latent variables in time series analysis: 2


MUTHEN & MUTHEN
3463 Stoner Ave.
Los Angeles, CA  90066

Tel: (310) 391-9971
Fax: (310) 391-8971
Web: www.StatModel.com
Support: Support@StatModel.com

Copyright (c) 1998-2024 Muthen & Muthen
