Mplus VERSION 8.11 DEMO
MUTHEN & MUTHEN
07/31/2025  11:14 AM

INPUT INSTRUCTIONS

  TITLE: LPA Class : 4 / Variance : Equal / Covariances : Varying

  DATA:
    FILE = LORAr.dat;

  VARIABLE:
    NAMES = PAS_cont PAS_proc;
    USEVARIABLES = PAS_cont PAS_proc;
    CLASSES = c(4);

  ANALYSIS:
    TYPE = MIXTURE;
    STARTS = 500 50;
    STITERATIONS = 50;

  MODEL:
    %OVERALL%
      PAS_cont*1;
      PAS_proc*1;
      ! Fixed variances across classes by giving same starting value label (*1)

    %c#1%
      PAS_cont WITH PAS_proc;

    %c#2%
      PAS_cont WITH PAS_proc;


  OUTPUT:
    TECH11 TECH14;



*** WARNING in MODEL command
  All variables are uncorrelated with all other variables within class.
  Check that this is what is intended.
   1 WARNING(S) FOUND IN THE INPUT INSTRUCTIONS



LPA Class : 4 / Variance : Equal / Covariances : Varying

SUMMARY OF ANALYSIS

Number of groups                                                 1
Number of observations                                         622

Number of dependent variables                                    2
Number of independent variables                                  0
Number of continuous latent variables                            0
Number of categorical latent variables                           1

Observed dependent variables

  Continuous
   PAS_CONT    PAS_PROC

Categorical latent variables
   C


Estimator                                                      MLR
Information matrix                                        OBSERVED
Optimization Specifications for the Quasi-Newton Algorithm for
Continuous Outcomes
  Maximum number of iterations                                 100
  Convergence criterion                                  0.100D-05
Optimization Specifications for the EM Algorithm
  Maximum number of iterations                                 500
  Convergence criteria
    Loglikelihood change                                 0.100D-06
    Relative loglikelihood change                        0.100D-06
    Derivative                                           0.100D-05
Optimization Specifications for the M step of the EM Algorithm for
Categorical Latent variables
  Number of M step iterations                                    1
  M step convergence criterion                           0.100D-05
  Basis for M step termination                           ITERATION
Optimization Specifications for the M step of the EM Algorithm for
Censored, Binary or Ordered Categorical (Ordinal), Unordered
Categorical (Nominal) and Count Outcomes
  Number of M step iterations                                    1
  M step convergence criterion                           0.100D-05
  Basis for M step termination                           ITERATION
  Maximum value for logit thresholds                            15
  Minimum value for logit thresholds                           -15
  Minimum expected cell size for chi-square              0.100D-01
Optimization algorithm                                         EMA
Random Starts Specifications
  Number of initial stage random starts                        500
  Number of final stage optimizations                           50
  Number of initial stage iterations                            50
  Initial stage convergence criterion                    0.100D+01
  Random starts scale                                    0.500D+01
  Random seed for generating random starts                       0

Input data file(s)
  LORAr.dat
Input data format  FREE



UNIVARIATE SAMPLE STATISTICS


     UNIVARIATE HIGHER-ORDER MOMENT DESCRIPTIVE STATISTICS

         Variable/         Mean/     Skewness/   Minimum/ % with                Percentiles
        Sample Size      Variance    Kurtosis    Maximum  Min/Max      20%/60%    40%/80%    Median

     PAS_CONT             43.423      -0.459      19.000    0.16%      38.000     42.000     44.000
             622.000      40.109       0.178      56.000    0.64%      46.000     49.000
     PAS_PROC             42.801      -0.614      27.000    0.16%      40.000     42.000     43.000
             622.000      17.565       0.766      52.000    0.80%      44.000     46.000

RANDOM STARTS RESULTS RANKED FROM THE BEST TO THE WORST LOGLIKELIHOOD VALUES

Final stage loglikelihood values at local maxima, seeds, and initial stage start numbers:

           -3632.361  391949           295
           -3632.361  783102           433
           -3632.361  399848           220
           -3632.361  602797           336
           -3632.361  392751           480
           -3632.361  802256           477
           -3632.361  722748           346
           -3632.361  922042           492
           -3632.361  562716           300
           -3632.361  443442           380
           -3632.361  717754           180
           -3632.361  502532           445
           -3632.361  170118           238
           -3632.361  462228           298
           -3632.361  850840           232
           -3632.361  804660           260
           -3632.361  563002           360
           -3632.361  791285           416
           -3632.361  471040           403
           -3632.361  618000           190
           -3632.361  967902           52
           -3632.361  22362            365
           -3632.361  587946           120
           -3632.361  851945           18
           -3632.361  655497           376
           -3632.361  314084           81
           -3633.338  626087           314
           -3633.338  152496           123
           -3633.338  484501           163
           -3637.918  782200           84
           -3637.918  699554           427

19 perturbed starting value run(s) did not converge or were rejected in the third stage.



THE BEST LOGLIKELIHOOD VALUE HAS BEEN REPLICATED.  RERUN WITH AT LEAST TWICE THE
RANDOM STARTS TO CHECK THAT THE BEST LOGLIKELIHOOD IS STILL OBTAINED AND REPLICATED.


THE MODEL ESTIMATION TERMINATED NORMALLY



MODEL FIT INFORMATION

Number of Free Parameters                       15

Loglikelihood

          H0 Value                       -3632.361
          H0 Scaling Correction Factor      1.1925
            for MLR

Information Criteria

          Akaike (AIC)                    7294.721
          Bayesian (BIC)                  7361.216
          Sample-Size Adjusted BIC        7313.593
            (n* = (n + 2) / 24)



FINAL CLASS COUNTS AND PROPORTIONS FOR THE LATENT CLASSES
BASED ON THE ESTIMATED MODEL

    Latent
   Classes

       1         24.95353          0.04012
       2        281.28281          0.45222
       3         80.23677          0.12900
       4        235.52689          0.37866


FINAL CLASS COUNTS AND PROPORTIONS FOR THE LATENT CLASSES
BASED ON ESTIMATED POSTERIOR PROBABILITIES

    Latent
   Classes

       1         24.95353          0.04012
       2        281.28281          0.45222
       3         80.23677          0.12900
       4        235.52689          0.37866


FINAL CLASS COUNTS AND PROPORTIONS FOR THE LATENT CLASSES
BASED ON THEIR MOST LIKELY LATENT CLASS MEMBERSHIP

Class Counts and Proportions

    Latent
   Classes

       1               23          0.03698
       2              268          0.43087
       3               67          0.10772
       4              264          0.42444


CLASSIFICATION QUALITY

     Entropy                         0.580


Average Latent Class Probabilities for Most Likely Latent Class Membership (Row)
by Latent Class (Column)

           1        2        3        4

    1   0.838    0.000    0.158    0.004
    2   0.000    0.819    0.002    0.179
    3   0.081    0.016    0.681    0.222
    4   0.001    0.230    0.116    0.653


Classification Probabilities for the Most Likely Latent Class Membership (Column)
by Latent Class (Row)

           1        2        3        4

    1   0.772    0.000    0.217    0.011
    2   0.000    0.780    0.004    0.216
    3   0.045    0.005    0.569    0.380
    4   0.000    0.204    0.063    0.732


Logits for the Classification Probabilities for the Most Likely Latent Class Membership (Column)
by Latent Class (Row)

              1        2        3        4

    1      4.248   -8.061    2.976    0.000
    2    -10.580    1.285   -4.048    0.000
    3     -2.130   -4.249    0.403    0.000
    4     -7.477   -1.278   -2.450    0.000


MODEL RESULTS

                                                    Two-Tailed
                    Estimate       S.E.  Est./S.E.    P-Value

Latent Class 1

 PAS_CONT WITH
    PAS_PROC           3.508      2.843      1.234      0.217

 Means
    PAS_CONT          31.900      1.536     20.764      0.000
    PAS_PROC          32.383      1.400     23.136      0.000

 Variances
    PAS_CONT          21.310      2.938      7.252      0.000
    PAS_PROC           7.133      1.426      5.002      0.000

Latent Class 2

 PAS_CONT WITH
    PAS_PROC           5.248      1.777      2.953      0.003

 Means
    PAS_CONT          47.163      0.986     47.809      0.000
    PAS_PROC          45.641      0.829     55.086      0.000

 Variances
    PAS_CONT          21.310      2.938      7.252      0.000
    PAS_PROC           7.133      1.426      5.002      0.000

Latent Class 3

 Means
    PAS_CONT          36.114      3.502     10.313      0.000
    PAS_PROC          38.718      2.044     18.944      0.000

 Variances
    PAS_CONT          21.310      2.938      7.252      0.000
    PAS_PROC           7.133      1.426      5.002      0.000

Latent Class 4

 Means
    PAS_CONT          42.666      2.416     17.663      0.000
    PAS_PROC          41.903      1.196     35.039      0.000

 Variances
    PAS_CONT          21.310      2.938      7.252      0.000
    PAS_PROC           7.133      1.426      5.002      0.000

Categorical Latent Variables

 Means
    C#1               -2.245      0.668     -3.361      0.001
    C#2                0.178      0.494      0.360      0.719
    C#3               -1.077      1.106     -0.973      0.330


QUALITY OF NUMERICAL RESULTS

     Condition Number for the Information Matrix              0.175E-04
       (ratio of smallest to largest eigenvalue)


TECHNICAL 11 OUTPUT

     Random Starts Specifications for the k-1 Class Analysis Model
        Number of initial stage random starts                 500
        Number of final stage optimizations                    50



     VUONG-LO-MENDELL-RUBIN LIKELIHOOD RATIO TEST FOR 3 (H0) VERSUS 4 CLASSES

          H0 Loglikelihood Value                        -3635.926
          2 Times the Loglikelihood Difference              7.130
          Difference in the Number of Parameters                4
          Mean                                             -2.103
          Standard Deviation                               26.305
          P-Value                                          0.3448

     LO-MENDELL-RUBIN ADJUSTED LRT TEST

          Value                                             6.863
          P-Value                                          0.3522


TECHNICAL 14 OUTPUT

     Random Starts Specifications for the k-1 Class Analysis Model
        Number of initial stage random starts                 500
        Number of final stage optimizations                    50

     Random Starts Specification for the k-1 Class Model for Generated Data
        Number of initial stage random starts                   0
        Number of final stage optimizations for the
           initial stage random starts                          0
     Random Starts Specification for the k Class Model for Generated Data
        Number of initial stage random starts                  40
        Number of final stage optimizations                     8
     Number of bootstrap draws requested                   Varies


     PARAMETRIC BOOTSTRAPPED LIKELIHOOD RATIO TEST FOR 3 (H0) VERSUS 4 CLASSES

          H0 Loglikelihood Value                        -3635.926
          2 Times the Loglikelihood Difference              7.130
          Difference in the Number of Parameters                4
          Approximate P-Value                              1.0000
          Successful Bootstrap Draws                            2


DIAGRAM INFORMATION

  Mplus diagrams are currently not available for Mixture analysis.
  No diagram output was produced.


     Beginning Time:  11:14:43
        Ending Time:  11:14:47
       Elapsed Time:  00:00:04


Mplus VERSION 8.11 DEMO has the following limitations:
  Maximum number of dependent variables: 6
  Maximum number of independent variables: 2
  Maximum number of between variables: 2
  Maximum number of continuous latent variables in time series analysis: 2


MUTHEN & MUTHEN
3463 Stoner Ave.
Los Angeles, CA  90066

Tel: (310) 391-9971
Fax: (310) 391-8971
Web: www.StatModel.com
Support: Support@StatModel.com

Copyright (c) 1998-2024 Muthen & Muthen
